
[⚡] Initializing Tactical VPN Rotator...
[*] Target Endpoint Selected: proton_nl.conf
[*] Current Public IP: Unknown (Offline)
[*] Tearing down existing tunnels...
[*] Decrypting keys into volatile RAM...
[🛡️] Initiating WireGuard uplink to proton_nl.conf...
[✓] RAM disk wiped. Keys are safe.
[*] Verifying routing tables and IP address (Waiting 4 seconds)...

[✓] SUCCESS! Tunnel established.
    Old IP: Unknown (Offline)
    New IP: 2605:a601:a98f:5f00:3fb4:5d45:b9a7:ef79
Traceback (most recent call last):
  File "/home/dano/vpn-rotator/vpn_rotator.py", line 116, in <module>
    main()
    ~~~~^^
  File "/home/dano/vpn-rotator/vpn_rotator.py", line 112, in main
    with open(STATE_FILE, "w") as f:
         ~~~~^^^^^^^^^^^^^^^^^
PermissionError: [Errno 13] Permission denied: '/home/dano/vpn_configs/rotator_state.json'

[⚡] Initializing Tactical VPN Rotator...
[*] Target Endpoint Selected: proton_nl.conf
[*] Current Public IP: 2605:a601:a98f:5f00:3fb4:5d45:b9a7:ef79
[*] Tearing down existing tunnels...
[*] Decrypting keys into volatile RAM...
[🛡️] Initiating WireGuard uplink to proton_nl.conf...
[✓] RAM disk wiped. Keys are safe.
[*] Verifying routing tables and IP address (Waiting 4 seconds)...
[!] WARNING: IP did not change or connection failed.

[⚡] Initializing Tactical VPN Rotator...
[*] Target Endpoint Selected: proton_nl.conf
[*] Current Public IP: 2605:a601:a98f:5f00:3fb4:5d45:b9a7:ef79
[*] Tearing down existing tunnels...
[*] Decrypting keys into volatile RAM...
[🛡️] Initiating WireGuard uplink to proton_nl.conf...
[✓] RAM disk wiped. Keys are safe.
[*] Verifying routing tables and IP address (Waiting 4 seconds)...
[!] WARNING: IP did not change or connection failed.

[⚡] Initializing Tactical VPN Rotator...
[*] Target Endpoint Selected: proton_us.conf
[*] Current Public IP: Unknown (Offline)
[*] Tearing down existing tunnels...
[*] Decrypting keys into volatile RAM...
[🛡️] Initiating WireGuard uplink to proton_us.conf...
[✓] RAM disk wiped. Keys are safe.
[*] Verifying routing tables and IP address (Waiting 4 seconds)...
[!] WARNING: IP did not change or connection failed.

[⚡] Initializing Tactical VPN Rotator...
[*] Target Endpoint Selected: proton_us.conf
[*] Current Public IP: Unknown (Offline)
[*] Tearing down existing tunnels...
[*] Decrypting keys into volatile RAM...
[🛡️] Initiating WireGuard uplink to proton_us.conf...
[✓] RAM disk wiped. Keys are safe.
[*] Verifying routing tables and IP address (Waiting 4 seconds)...

[✓] SUCCESS! Tunnel established.
    Old IP: Unknown (Offline)
    New IP: 2605:a601:a98f:5f00:3fb4:5d45:b9a7:ef79
Traceback (most recent call last):
  File "/home/dano/vpn-rotator/vpn_rotator.py", line 116, in <module>
    main()
    ~~~~^^
  File "/home/dano/vpn-rotator/vpn_rotator.py", line 112, in main
    with open(STATE_FILE, "w") as f:
         ~~~~^^^^^^^^^^^^^^^^^
PermissionError: [Errno 13] Permission denied: '/home/dano/vpn_configs/rotator_state.json'
